// Jest Snapshot v1, https://goo.gl/fbAQLP

exports[`class PantryItemList extends _react.Component {
    constructor(props) {
        super(props);
        this.state = {
            items: [
            {
                name: 'Flour',
                quantity: '12' },

            {
                name: 'Sugar',
                quantity: '2' }] };



        this.addPantryItem = this.addPantryItem.bind(this);
        this.removePantryItem = this.removePantryItem.bind(this);
    }

    addPantryItem(newPantryItem) {
        this.setState({ items: [...this.state.items, newPantryItem] });
    }

    removePantryItem(itemToRemove) {
        const filteredPantryItems = this.state.items.filter(item => {
            return item.name !== itemToRemove;
        });
        this.setState({ items: filteredPantryItems });
    }

    renderPantryItems() {
        return this.state.items.map((item, index) =>
        _react2.default.createElement(_PantryItem2.default, {
            key: item.name + index,
            name: item.name,
            quantity: item.quantity,
            removePantryItem: this.removePantryItem, __source: { fileName: _jsxFileName, lineNumber: 38 }, __self: this }));


    }

    render() {
        return (
            _react2.default.createElement('div', { className: 'pantry-item-list', __source: { fileName: _jsxFileName, lineNumber: 49 }, __self: this },
                _react2.default.createElement(_AddPantryItem2.default, { addPantryItem: this.addPantryItem, __source: { fileName: _jsxFileName, lineNumber: 50 }, __self: this }),
                this.renderPantryItems()));


    }} renders and matches our snapshot 1`] = `
<div
  className="pantry-item-list"
>
  <div
    className="add-pantry-item"
  >
    <label
      className="label-padding"
    >
      Name
    </label>
    <input
      className="input-field"
      name="name"
      onChange={[Function]}
      type="text"
      value=""
    />
    <label
      className="label-padding"
    >
      Quantity Remaining
    </label>
    <input
      className="input-field"
      name="quantity"
      onChange={[Function]}
      type="text"
      value=""
    />
    <button
      onClick={[Function]}
    >
      Add New Item
    </button>
  </div>
  <div
    className="pantry-item"
  >
    Flour
     
    12
       
    <button
      className="remove"
      onClick={[Function]}
    >
      Remove
    </button>
  </div>
  <div
    className="pantry-item"
  >
    Sugar
     
    2
       
    <button
      className="remove"
      onClick={[Function]}
    >
      Remove
    </button>
  </div>
</div>
`;
